[dotenv@17.3.1] injecting env (7) from .env -- tip: ΓÜÖ∩╕Å  override existing env vars with { override: true }
Testing with API Key: AIzaSyCA...

--- Trying model: gemini-1.5-flash ---
node : ERROR with 
gemini-1.5-flash: Status 404
At line:1 char:1
+ node tmp/test_gemini.js > 
tmp/test_output.txt 2>&1; 
Get-Content tmp/t ...
+ ~~~~~~~~~~~~~~~~~~~~~~~~~~~
~~~~~~~~~~~~~~~~~~~~~~~
    + CategoryInfo           
   : NotSpecified: (ERROR w  
  ith gemini-1.5-flash: St   
 atus 404:String) [], Rem    
oteException
    + FullyQualifiedErrorId  
   : NativeCommandError
 

--- Trying model: gemini-1.5-pro ---

--- Trying model: gemini-1.0-pro ---
ERROR with gemini-1.5-pro: 
Status 404
ERROR with gemini-1.0-pro: 
Status 404

--- Trying model: gemini-2.0-flash ---
ERROR with gemini-2.0-flash: 
Status 429
